%!Adobe-FontList 1.25
%Locale:0x404

%BeginFont
Handler:DirectoryHandler
FontType:Invalid
OutlineFileName:/Users/user/Desktop/envdes/code_CLMU_traffic/4_illustration/Document fonts/AdobeFnt25.lst
FileLength:4309
FileModTime:793555138
%EndFont

%BeginFont
Handler:DirectoryHandler
FontType:TrueType
FontName:Arial-BoldItalicMT
FamilyName:Arial
StyleName:Bold Italic
MenuName:Arial
StyleBits:3
WeightClass:700
WidthClass:5
AngleClass:1
FullName:Arial Bold Italic
WritingScript:Roman
OutlineFileName:/Users/user/Desktop/envdes/code_CLMU_traffic/4_illustration/Document fonts/Arial Bold Italic.ttf
DataFormat:sfntData
hasSVG:no
hasSBIX:no
hasCOLR:no
VariableFontType:NonVariableFont
FileLength:558672
FileModTime:791961203
NameArray:0,Mac,4,Arial Bold Italic
NameArray:0,Win,1,Arial
%EndFont

%BeginFont
Handler:DirectoryHandler
FontType:TrueType
FontName:Arial-BoldMT
FamilyName:Arial
StyleName:Bold
MenuName:Arial
StyleBits:2
WeightClass:700
WidthClass:5
AngleClass:0
FullName:Arial Bold
WritingScript:Roman
OutlineFileName:/Users/user/Desktop/envdes/code_CLMU_traffic/4_illustration/Document fonts/Arial Bold.ttf
DataFormat:sfntData
hasSVG:no
hasSBIX:no
hasCOLR:no
VariableFontType:NonVariableFont
FileLength:750984
FileModTime:791961203
NameArray:0,Mac,4,Arial Bold
NameArray:0,Win,1,Arial
%EndFont

%BeginFont
Handler:DirectoryHandler
FontType:TrueType
FontName:Arial-ItalicMT
FamilyName:Arial
StyleName:Italic
MenuName:Arial
StyleBits:1
WeightClass:400
WidthClass:5
AngleClass:1
FullName:Arial Italic
WritingScript:Roman
OutlineFileName:/Users/user/Desktop/envdes/code_CLMU_traffic/4_illustration/Document fonts/Arial Italic.ttf
DataFormat:sfntData
hasSVG:no
hasSBIX:no
hasCOLR:no
VariableFontType:NonVariableFont
FileLength:553284
FileModTime:791961203
NameArray:0,Mac,4,Arial Italic
NameArray:0,Win,1,Arial
%EndFont

%BeginFont
Handler:DirectoryHandler
FontType:TrueType
FontName:ArialMT
FamilyName:Arial
StyleName:Regular
MenuName:Arial
StyleBits:0
WeightClass:400
WidthClass:5
AngleClass:0
FullName:Arial
WritingScript:Roman
OutlineFileName:/Users/user/Desktop/envdes/code_CLMU_traffic/4_illustration/Document fonts/Arial.ttf
DataFormat:sfntData
hasSVG:no
hasSBIX:no
hasCOLR:no
VariableFontType:NonVariableFont
FileLength:773236
FileModTime:791961203
NameArray:0,Mac,4,Arial
NameArray:0,Win,1,Arial
%EndFont

%BeginFont
Handler:DirectoryHandler
FontType:TrueType
FontName:DejaVuSansMonoPowerline
FamilyName:DejaVu Sans Mono for Powerline
StyleName:Book
MenuName:DejaVu Sans Mono for Powerline
StyleBits:0
WeightClass:400
WidthClass:5
AngleClass:0
FullName:DejaVu Sans Mono for Powerline
WritingScript:Roman
OutlineFileName:/Users/user/Desktop/envdes/code_CLMU_traffic/4_illustration/Document fonts/DejaVu Sans Mono for Powerline.ttf
DataFormat:sfntData
hasSVG:no
hasSBIX:no
hasCOLR:no
VariableFontType:NonVariableFont
FileLength:341860
FileModTime:710157858
NameArray:0,Mac,4,DejaVu Sans Mono for Powerline
NameArray:0,Win,1,DejaVu Sans Mono for Powerline
%EndFont

%BeginFont
Handler:DirectoryHandler
FontType:TrueType
FontName:TimesNewRomanPS-BoldMT
FamilyName:Times New Roman
StyleName:Bold
MenuName:Times New Roman
StyleBits:2
WeightClass:700
WidthClass:5
AngleClass:0
FullName:Times New Roman Bold
WritingScript:Roman
OutlineFileName:/Users/user/Desktop/envdes/code_CLMU_traffic/4_illustration/Document fonts/Times New Roman Bold.ttf
DataFormat:sfntData
hasSVG:no
hasSBIX:no
hasCOLR:no
VariableFontType:NonVariableFont
FileLength:832472
FileModTime:791961203
NameArray:0,Mac,4,Times New Roman Bold
NameArray:0,Win,1,Times New Roman
%EndFont

%BeginFont
Handler:DirectoryHandler
FontType:TrueType
FontName:TimesNewRomanPSMT
FamilyName:Times New Roman
StyleName:Regular
MenuName:Times New Roman
StyleBits:0
WeightClass:400
WidthClass:5
AngleClass:0
FullName:Times New Roman
WritingScript:Roman
OutlineFileName:/Users/user/Desktop/envdes/code_CLMU_traffic/4_illustration/Document fonts/Times New Roman.ttf
DataFormat:sfntData
hasSVG:no
hasSBIX:no
hasCOLR:no
VariableFontType:NonVariableFont
FileLength:824920
FileModTime:791961203
NameArray:0,Mac,4,Times New Roman
NameArray:0,Win,1,Times New Roman
%EndFont

